// Jest Snapshot v1, https://goo.gl/fbAQLP

exports[`SystemUserDetail should match default snapshot 1`] = `
<div>
  <div
    class="SystemUserDetail wrapper--fixed"
  >
    <div
      class="admin-console__header with-back"
    >
      <div>
        <a
          class="fa fa-angle-left back"
          href="/admin_console/user_management/users"
        />
        User Configuration
      </div>
    </div>
    <div
      class="admin-console__wrapper"
    >
      <div
        class="admin-console__content"
      >
        <div
          class="AdminUserCard"
        >
          <div
            class="AdminUserCard__header"
          >
            <span
              class="status-wrapper style--none admin-user-card"
            >
              <span
                class="profile-icon "
              >
                <img
                  alt="user profile image"
                  class="Avatar Avatar-xxl"
                  loading="lazy"
                  src=""
                />
              </span>
            </span>
          </div>
          <div
            class="noUserBody"
          >
            <span
              class="LoadingSpinner"
              data-testid="loadingSpinner"
              id="loadingSpinner"
            >
              <span
                class="fa fa-spinner fa-fw fa-pulse spinner"
                title="Loading Icon"
              />
            </span>
          </div>
        </div>
        <div
          class="AdminPanel clearfix "
        >
          <div
            class="header"
          >
            <div>
              <h3>
                Team Membership
              </h3>
              <div
                class="mt-2"
              >
                Teams to which this user belongs
              </div>
            </div>
            <div
              class="button"
            >
              <div
                class="add-team-button"
              >
                <button
                  class="btn btn-primary"
                  disabled=""
                  type="button"
                >
                  Add Team
                </button>
              </div>
            </div>
          </div>
          <div
            class="teamlistLoading"
          >
            <span
              class="LoadingSpinner"
              data-testid="loadingSpinner"
              id="loadingSpinner"
            >
              <span
                class="fa fa-spinner fa-fw fa-pulse spinner"
                title="Loading Icon"
              />
            </span>
          </div>
        </div>
      </div>
    </div>
    <div
      class="admin-console-save"
    >
      <button
        class="btn btn-primary"
        data-testid="saveSetting"
        disabled=""
        id="saveSetting"
        type="submit"
      >
        <span>
          Save
        </span>
      </button>
      <div
        class="error-message"
      />
    </div>
  </div>
</div>
`;

exports[`SystemUserDetail should match snapshot if MFA is enabled 1`] = `
<div>
  <div
    class="SystemUserDetail wrapper--fixed"
  >
    <div
      class="admin-console__header with-back"
    >
      <div>
        <a
          class="fa fa-angle-left back"
          href="/admin_console/user_management/users"
        />
        User Configuration
      </div>
    </div>
    <div
      class="admin-console__wrapper"
    >
      <div
        class="admin-console__content"
      >
        <div
          class="AdminUserCard"
        >
          <div
            class="AdminUserCard__header"
          >
            <span
              class="status-wrapper style--none admin-user-card"
            >
              <span
                class="profile-icon "
              >
                <img
                  alt="user profile image"
                  class="Avatar Avatar-xxl"
                  loading="lazy"
                  src=""
                />
              </span>
            </span>
          </div>
          <div
            class="noUserBody"
          >
            <span
              class="LoadingSpinner"
              data-testid="loadingSpinner"
              id="loadingSpinner"
            >
              <span
                class="fa fa-spinner fa-fw fa-pulse spinner"
                title="Loading Icon"
              />
            </span>
          </div>
        </div>
        <div
          class="AdminPanel clearfix "
        >
          <div
            class="header"
          >
            <div>
              <h3>
                Team Membership
              </h3>
              <div
                class="mt-2"
              >
                Teams to which this user belongs
              </div>
            </div>
            <div
              class="button"
            >
              <div
                class="add-team-button"
              >
                <button
                  class="btn btn-primary"
                  disabled=""
                  type="button"
                >
                  Add Team
                </button>
              </div>
            </div>
          </div>
          <div
            class="teamlistLoading"
          >
            <span
              class="LoadingSpinner"
              data-testid="loadingSpinner"
              id="loadingSpinner"
            >
              <span
                class="fa fa-spinner fa-fw fa-pulse spinner"
                title="Loading Icon"
              />
            </span>
          </div>
        </div>
      </div>
    </div>
    <div
      class="admin-console-save"
    >
      <button
        class="btn btn-primary"
        data-testid="saveSetting"
        disabled=""
        id="saveSetting"
        type="submit"
      >
        <span>
          Save
        </span>
      </button>
      <div
        class="error-message"
      />
    </div>
  </div>
</div>
`;

exports[`SystemUserDetail should not show manage user settings button when user doesn't have permission 1`] = `
<div>
  <div
    class="SystemUserDetail wrapper--fixed"
  >
    <div
      class="admin-console__header with-back"
    >
      <div>
        <a
          class="fa fa-angle-left back"
          href="/admin_console/user_management/users"
        />
        User Configuration
      </div>
    </div>
    <div
      class="admin-console__wrapper"
    >
      <div
        class="admin-console__content"
      >
        <div
          class="AdminUserCard"
        >
          <div
            class="AdminUserCard__header"
          >
            <span
              class="status-wrapper style--none admin-user-card"
            >
              <span
                class="profile-icon "
              >
                <img
                  alt="user profile image"
                  class="Avatar Avatar-xxl"
                  loading="lazy"
                  src=""
                />
              </span>
            </span>
          </div>
          <div
            class="noUserBody"
          >
            <span
              class="LoadingSpinner"
              data-testid="loadingSpinner"
              id="loadingSpinner"
            >
              <span
                class="fa fa-spinner fa-fw fa-pulse spinner"
                title="Loading Icon"
              />
            </span>
          </div>
        </div>
        <div
          class="AdminPanel clearfix "
        >
          <div
            class="header"
          >
            <div>
              <h3>
                Team Membership
              </h3>
              <div
                class="mt-2"
              >
                Teams to which this user belongs
              </div>
            </div>
            <div
              class="button"
            >
              <div
                class="add-team-button"
              >
                <button
                  class="btn btn-primary"
                  disabled=""
                  type="button"
                >
                  Add Team
                </button>
              </div>
            </div>
          </div>
          <div
            class="teamlistLoading"
          >
            <span
              class="LoadingSpinner"
              data-testid="loadingSpinner"
              id="loadingSpinner"
            >
              <span
                class="fa fa-spinner fa-fw fa-pulse spinner"
                title="Loading Icon"
              />
            </span>
          </div>
        </div>
      </div>
    </div>
    <div
      class="admin-console-save"
    >
      <button
        class="btn btn-primary"
        data-testid="saveSetting"
        disabled=""
        id="saveSetting"
        type="submit"
      >
        <span>
          Save
        </span>
      </button>
      <div
        class="error-message"
      />
    </div>
  </div>
</div>
`;

exports[`SystemUserDetail should show manage user settings button as activated 1`] = `
<div>
  <div
    class="SystemUserDetail wrapper--fixed"
  >
    <div
      class="admin-console__header with-back"
    >
      <div>
        <a
          class="fa fa-angle-left back"
          href="/admin_console/user_management/users"
        />
        User Configuration
      </div>
    </div>
    <div
      class="admin-console__wrapper"
    >
      <div
        class="admin-console__content"
      >
        <div
          class="AdminUserCard"
        >
          <div
            class="AdminUserCard__header"
          >
            <span
              class="status-wrapper style--none admin-user-card"
            >
              <span
                class="profile-icon "
              >
                <img
                  alt="user profile image"
                  class="Avatar Avatar-xxl"
                  loading="lazy"
                  src=""
                />
              </span>
            </span>
          </div>
          <div
            class="noUserBody"
          >
            <span
              class="LoadingSpinner"
              data-testid="loadingSpinner"
              id="loadingSpinner"
            >
              <span
                class="fa fa-spinner fa-fw fa-pulse spinner"
                title="Loading Icon"
              />
            </span>
          </div>
        </div>
        <div
          class="AdminPanel clearfix "
        >
          <div
            class="header"
          >
            <div>
              <h3>
                Team Membership
              </h3>
              <div
                class="mt-2"
              >
                Teams to which this user belongs
              </div>
            </div>
            <div
              class="button"
            >
              <div
                class="add-team-button"
              >
                <button
                  class="btn btn-primary"
                  disabled=""
                  type="button"
                >
                  Add Team
                </button>
              </div>
            </div>
          </div>
          <div
            class="teamlistLoading"
          >
            <span
              class="LoadingSpinner"
              data-testid="loadingSpinner"
              id="loadingSpinner"
            >
              <span
                class="fa fa-spinner fa-fw fa-pulse spinner"
                title="Loading Icon"
              />
            </span>
          </div>
        </div>
      </div>
    </div>
    <div
      class="admin-console-save"
    >
      <button
        class="btn btn-primary"
        data-testid="saveSetting"
        disabled=""
        id="saveSetting"
        type="submit"
      >
        <span>
          Save
        </span>
      </button>
      <div
        class="error-message"
      />
    </div>
  </div>
</div>
`;

exports[`SystemUserDetail should show manage user settings button as disabled when no license 1`] = `
<div>
  <div
    class="SystemUserDetail wrapper--fixed"
  >
    <div
      class="admin-console__header with-back"
    >
      <div>
        <a
          class="fa fa-angle-left back"
          href="/admin_console/user_management/users"
        />
        User Configuration
      </div>
    </div>
    <div
      class="admin-console__wrapper"
    >
      <div
        class="admin-console__content"
      >
        <div
          class="AdminUserCard"
        >
          <div
            class="AdminUserCard__header"
          >
            <span
              class="status-wrapper style--none admin-user-card"
            >
              <span
                class="profile-icon "
              >
                <img
                  alt="user profile image"
                  class="Avatar Avatar-xxl"
                  loading="lazy"
                  src=""
                />
              </span>
            </span>
          </div>
          <div
            class="noUserBody"
          >
            <span
              class="LoadingSpinner"
              data-testid="loadingSpinner"
              id="loadingSpinner"
            >
              <span
                class="fa fa-spinner fa-fw fa-pulse spinner"
                title="Loading Icon"
              />
            </span>
          </div>
        </div>
        <div
          class="AdminPanel clearfix "
        >
          <div
            class="header"
          >
            <div>
              <h3>
                Team Membership
              </h3>
              <div
                class="mt-2"
              >
                Teams to which this user belongs
              </div>
            </div>
            <div
              class="button"
            >
              <div
                class="add-team-button"
              >
                <button
                  class="btn btn-primary"
                  disabled=""
                  type="button"
                >
                  Add Team
                </button>
              </div>
            </div>
          </div>
          <div
            class="teamlistLoading"
          >
            <span
              class="LoadingSpinner"
              data-testid="loadingSpinner"
              id="loadingSpinner"
            >
              <span
                class="fa fa-spinner fa-fw fa-pulse spinner"
                title="Loading Icon"
              />
            </span>
          </div>
        </div>
      </div>
    </div>
    <div
      class="admin-console-save"
    >
      <button
        class="btn btn-primary"
        data-testid="saveSetting"
        disabled=""
        id="saveSetting"
        type="submit"
      >
        <span>
          Save
        </span>
      </button>
      <div
        class="error-message"
      />
    </div>
  </div>
</div>
`;
